// Jest Snapshot v1, https://goo.gl/fbAQLP

exports[`Testing Main > Sidebar should render match snapshot 1`] = `<Memo(Sidebar) />`;
