// Jest Snapshot v1, https://goo.gl/fbAQLP

exports[`Testing Main > Conversation should render match snapshot 1`] = `
<MockedProvider
  addTypename={true}
  mocks={
    Array [
      Object {
        "request": Object {
          "query": Object {
            "definitions": Array [
              Object {
                "directives": Array [],
                "kind": "OperationDefinition",
                "name": Object {
                  "kind": "Name",
                  "value": "fetchLatestMessages",
                },
                "operation": "query",
                "selectionSet": Object {
                  "kind": "SelectionSet",
                  "selections": Array [
                    Object {
                      "alias": undefined,
                      "arguments": Array [
                        Object {
                          "kind": "Argument",
                          "name": Object {
                            "kind": "Name",
                            "value": "channelId",
                          },
                          "value": Object {
                            "kind": "Variable",
                            "name": Object {
                              "kind": "Name",
                              "value": "channelId",
                            },
                          },
                        },
                      ],
                      "directives": Array [],
                      "kind": "Field",
                      "name": Object {
                        "kind": "Name",
                        "value": "fetchLatestMessages",
                      },
                      "selectionSet": Object {
                        "kind": "SelectionSet",
                        "selections": Array [
                          Object {
                            "alias": undefined,
                            "arguments": Array [],
                            "directives": Array [],
                            "kind": "Field",
                            "name": Object {
                              "kind": "Name",
                              "value": "messageId",
                            },
                            "selectionSet": undefined,
                          },
                          Object {
                            "alias": undefined,
                            "arguments": Array [],
                            "directives": Array [],
                            "kind": "Field",
                            "name": Object {
                              "kind": "Name",
                              "value": "text",
                            },
                            "selectionSet": undefined,
                          },
                          Object {
                            "alias": undefined,
                            "arguments": Array [],
                            "directives": Array [],
                            "kind": "Field",
                            "name": Object {
                              "kind": "Name",
                              "value": "datetime",
                            },
                            "selectionSet": undefined,
                          },
                          Object {
                            "alias": undefined,
                            "arguments": Array [],
                            "directives": Array [],
                            "kind": "Field",
                            "name": Object {
                              "kind": "Name",
                              "value": "userId",
                            },
                            "selectionSet": undefined,
                          },
                        ],
                      },
                    },
                  ],
                },
                "variableDefinitions": Array [
                  Object {
                    "defaultValue": undefined,
                    "directives": Array [],
                    "kind": "VariableDefinition",
                    "type": Object {
                      "kind": "NonNullType",
                      "type": Object {
                        "kind": "NamedType",
                        "name": Object {
                          "kind": "Name",
                          "value": "String",
                        },
                      },
                    },
                    "variable": Object {
                      "kind": "Variable",
                      "name": Object {
                        "kind": "Name",
                        "value": "channelId",
                      },
                    },
                  },
                ],
              },
            ],
            "kind": "Document",
            "loc": Object {
              "end": 166,
              "start": 0,
            },
          },
          "variables": Object {
            "channelId": "1",
          },
        },
        "result": Object {
          "data": Object {
            "fetchLatestMessages": Array [
              Object {
                "__typename": "Message",
                "datetime": "2021-09-30T02:30:00Z",
                "messageId": "1687680749017235835",
                "text": "<p>done</p>",
                "userId": "Joyse",
              },
            ],
          },
        },
      },
      Object {
        "request": Object {
          "query": Object {
            "definitions": Array [
              Object {
                "directives": Array [],
                "kind": "OperationDefinition",
                "name": Object {
                  "kind": "Name",
                  "value": "fetchMoreMessages",
                },
                "operation": "query",
                "selectionSet": Object {
                  "kind": "SelectionSet",
                  "selections": Array [
                    Object {
                      "alias": undefined,
                      "arguments": Array [
                        Object {
                          "kind": "Argument",
                          "name": Object {
                            "kind": "Name",
                            "value": "channelId",
                          },
                          "value": Object {
                            "kind": "Variable",
                            "name": Object {
                              "kind": "Name",
                              "value": "channelId",
                            },
                          },
                        },
                        Object {
                          "kind": "Argument",
                          "name": Object {
                            "kind": "Name",
                            "value": "messageId",
                          },
                          "value": Object {
                            "kind": "Variable",
                            "name": Object {
                              "kind": "Name",
                              "value": "messageId",
                            },
                          },
                        },
                        Object {
                          "kind": "Argument",
                          "name": Object {
                            "kind": "Name",
                            "value": "old",
                          },
                          "value": Object {
                            "kind": "Variable",
                            "name": Object {
                              "kind": "Name",
                              "value": "old",
                            },
                          },
                        },
                      ],
                      "directives": Array [],
                      "kind": "Field",
                      "name": Object {
                        "kind": "Name",
                        "value": "fetchMoreMessages",
                      },
                      "selectionSet": Object {
                        "kind": "SelectionSet",
                        "selections": Array [
                          Object {
                            "alias": undefined,
                            "arguments": Array [],
                            "directives": Array [],
                            "kind": "Field",
                            "name": Object {
                              "kind": "Name",
                              "value": "messageId",
                            },
                            "selectionSet": undefined,
                          },
                          Object {
                            "alias": undefined,
                            "arguments": Array [],
                            "directives": Array [],
                            "kind": "Field",
                            "name": Object {
                              "kind": "Name",
                              "value": "text",
                            },
                            "selectionSet": undefined,
                          },
                          Object {
                            "alias": undefined,
                            "arguments": Array [],
                            "directives": Array [],
                            "kind": "Field",
                            "name": Object {
                              "kind": "Name",
                              "value": "datetime",
                            },
                            "selectionSet": undefined,
                          },
                          Object {
                            "alias": undefined,
                            "arguments": Array [],
                            "directives": Array [],
                            "kind": "Field",
                            "name": Object {
                              "kind": "Name",
                              "value": "userId",
                            },
                            "selectionSet": undefined,
                          },
                        ],
                      },
                    },
                  ],
                },
                "variableDefinitions": Array [
                  Object {
                    "defaultValue": undefined,
                    "directives": Array [],
                    "kind": "VariableDefinition",
                    "type": Object {
                      "kind": "NonNullType",
                      "type": Object {
                        "kind": "NamedType",
                        "name": Object {
                          "kind": "Name",
                          "value": "String",
                        },
                      },
                    },
                    "variable": Object {
                      "kind": "Variable",
                      "name": Object {
                        "kind": "Name",
                        "value": "channelId",
                      },
                    },
                  },
                  Object {
                    "defaultValue": undefined,
                    "directives": Array [],
                    "kind": "VariableDefinition",
                    "type": Object {
                      "kind": "NonNullType",
                      "type": Object {
                        "kind": "NamedType",
                        "name": Object {
                          "kind": "Name",
                          "value": "String",
                        },
                      },
                    },
                    "variable": Object {
                      "kind": "Variable",
                      "name": Object {
                        "kind": "Name",
                        "value": "messageId",
                      },
                    },
                  },
                  Object {
                    "defaultValue": undefined,
                    "directives": Array [],
                    "kind": "VariableDefinition",
                    "type": Object {
                      "kind": "NonNullType",
                      "type": Object {
                        "kind": "NamedType",
                        "name": Object {
                          "kind": "Name",
                          "value": "Boolean",
                        },
                      },
                    },
                    "variable": Object {
                      "kind": "Variable",
                      "name": Object {
                        "kind": "Name",
                        "value": "old",
                      },
                    },
                  },
                ],
              },
            ],
            "kind": "Document",
            "loc": Object {
              "end": 233,
              "start": 0,
            },
          },
          "variables": Object {
            "channelId": "1",
            "messageId": "5728579392774769867",
            "old": false,
          },
        },
        "result": Object {
          "data": Object {
            "fetchMoreMessages": Array [
              Object {
                "__typename": "Message",
                "datetime": "2021-09-30T02:30:00Z",
                "messageId": "1687680749017235835",
                "text": "<p>done</p>",
                "userId": "Joyse",
              },
            ],
          },
        },
      },
      Object {
        "request": Object {
          "query": Object {
            "definitions": Array [
              Object {
                "directives": Array [],
                "kind": "OperationDefinition",
                "name": Object {
                  "kind": "Name",
                  "value": "postMessage",
                },
                "operation": "mutation",
                "selectionSet": Object {
                  "kind": "SelectionSet",
                  "selections": Array [
                    Object {
                      "alias": undefined,
                      "arguments": Array [
                        Object {
                          "kind": "Argument",
                          "name": Object {
                            "kind": "Name",
                            "value": "channelId",
                          },
                          "value": Object {
                            "kind": "Variable",
                            "name": Object {
                              "kind": "Name",
                              "value": "channelId",
                            },
                          },
                        },
                        Object {
                          "kind": "Argument",
                          "name": Object {
                            "kind": "Name",
                            "value": "text",
                          },
                          "value": Object {
                            "kind": "Variable",
                            "name": Object {
                              "kind": "Name",
                              "value": "text",
                            },
                          },
                        },
                        Object {
                          "kind": "Argument",
                          "name": Object {
                            "kind": "Name",
                            "value": "userId",
                          },
                          "value": Object {
                            "kind": "Variable",
                            "name": Object {
                              "kind": "Name",
                              "value": "userId",
                            },
                          },
                        },
                      ],
                      "directives": Array [],
                      "kind": "Field",
                      "name": Object {
                        "kind": "Name",
                        "value": "postMessage",
                      },
                      "selectionSet": Object {
                        "kind": "SelectionSet",
                        "selections": Array [
                          Object {
                            "alias": undefined,
                            "arguments": Array [],
                            "directives": Array [],
                            "kind": "Field",
                            "name": Object {
                              "kind": "Name",
                              "value": "messageId",
                            },
                            "selectionSet": undefined,
                          },
                          Object {
                            "alias": undefined,
                            "arguments": Array [],
                            "directives": Array [],
                            "kind": "Field",
                            "name": Object {
                              "kind": "Name",
                              "value": "text",
                            },
                            "selectionSet": undefined,
                          },
                          Object {
                            "alias": undefined,
                            "arguments": Array [],
                            "directives": Array [],
                            "kind": "Field",
                            "name": Object {
                              "kind": "Name",
                              "value": "datetime",
                            },
                            "selectionSet": undefined,
                          },
                          Object {
                            "alias": undefined,
                            "arguments": Array [],
                            "directives": Array [],
                            "kind": "Field",
                            "name": Object {
                              "kind": "Name",
                              "value": "userId",
                            },
                            "selectionSet": undefined,
                          },
                        ],
                      },
                    },
                  ],
                },
                "variableDefinitions": Array [
                  Object {
                    "defaultValue": undefined,
                    "directives": Array [],
                    "kind": "VariableDefinition",
                    "type": Object {
                      "kind": "NonNullType",
                      "type": Object {
                        "kind": "NamedType",
                        "name": Object {
                          "kind": "Name",
                          "value": "String",
                        },
                      },
                    },
                    "variable": Object {
                      "kind": "Variable",
                      "name": Object {
                        "kind": "Name",
                        "value": "channelId",
                      },
                    },
                  },
                  Object {
                    "defaultValue": undefined,
                    "directives": Array [],
                    "kind": "VariableDefinition",
                    "type": Object {
                      "kind": "NonNullType",
                      "type": Object {
                        "kind": "NamedType",
                        "name": Object {
                          "kind": "Name",
                          "value": "String",
                        },
                      },
                    },
                    "variable": Object {
                      "kind": "Variable",
                      "name": Object {
                        "kind": "Name",
                        "value": "text",
                      },
                    },
                  },
                  Object {
                    "defaultValue": undefined,
                    "directives": Array [],
                    "kind": "VariableDefinition",
                    "type": Object {
                      "kind": "NonNullType",
                      "type": Object {
                        "kind": "NamedType",
                        "name": Object {
                          "kind": "Name",
                          "value": "String",
                        },
                      },
                    },
                    "variable": Object {
                      "kind": "Variable",
                      "name": Object {
                        "kind": "Name",
                        "value": "userId",
                      },
                    },
                  },
                ],
              },
            ],
            "kind": "Document",
            "loc": Object {
              "end": 217,
              "start": 0,
            },
          },
          "variables": Object {
            "channelId": "1",
            "text": "Text from Russell",
            "userId": "Russell",
          },
        },
        "result": Object {
          "data": Object {
            "postMessage": Array [
              Object {
                "__typename": "Message",
                "datetime": "2021-09-30T02:30:00Z",
                "messageId": "1687680749017235835",
                "text": "Text from Russell",
                "userId": "Russell",
              },
            ],
          },
        },
      },
    ]
  }
>
  <Memo(Conversation) />
</MockedProvider>
`;
