// Jest Snapshot v1, https://goo.gl/fbAQLP

exports[`Testing Main should render match snapshot 1`] = `
<Provider>
  <Memo(Main) />
</Provider>
`;
