// Jest Snapshot v1, https://goo.gl/fbAQLP

exports[`Testing Main > Conversation > Messages should render match snapshot 1`] = `
<div
  className="custom-scrollbar root-0-2-1"
  id="messages-box"
/>
`;
